
R Under development (unstable) (2021-03-04 r80063) -- "Unsuffered Consequences"
Copyright (C) 2021 The R Foundation for Statistical Computing
Platform: x86_64-pc-linux-gnu (64-bit)

R is free software and comes with ABSOLUTELY NO WARRANTY.
You are welcome to redistribute it under certain conditions.
Type 'license()' or 'licence()' for distribution details.

  Natural language support but running in an English locale

R is a collaborative project with many contributors.
Type 'contributors()' for more information and
'citation()' on how to cite R or R packages in publications.

Type 'demo()' for some demos, 'help()' for on-line help, or
'help.start()' for an HTML browser interface to help.
Type 'q()' to quit R.

> pkgname <- "tablet"
> source(file.path(R.home("share"), "R", "examples-header.R"))
> options(warn = 1)
> library('tablet')
> 
> base::assign(".oldSearch", base::search(), pos = 'CheckExEnv')
> base::assign(".old_wd", base::getwd(), pos = 'CheckExEnv')
> cleanEx()
> nameEx("as_kable")
> ### * as_kable
> 
> flush(stderr()); flush(stdout())
> 
> ### Name: as_kable
> ### Title: Coerce to Kable
> ### Aliases: as_kable
> ### Keywords: internal
> 
> ### ** Examples
> 
> example(classifiers)

clssfr> library(dplyr)

Attaching package: ‘dplyr’

The following objects are masked from ‘package:stats’:

    filter, lag

The following objects are masked from ‘package:base’:

    intersect, setdiff, setequal, union


clssfr> x <- data.frame(grp = 1:2, a = factor(1:2), b = 1:2, c = factor(1:2, levels = 2:1))

clssfr> x <- group_by(x, grp)

clssfr> classifiers(x)
# A tibble: 2 x 6
# Groups:   grp [2]
  `_tablet_N`   grp a         b c     `_tablet_n`
        <int> <int> <fct> <int> <fct>       <int>
1           2     1 1         1 1               1
2           2     2 2         2 2               1
> as_kable(tablet(groupwise(x)))
ERROR: modification of compiler constant of type integer, length 1
ERROR: the modified value of the constant is:
[1] 2
ERROR: the original value of the constant is:
[1] 1
ERROR: the modified constant is at index 12
ERROR: the modified constant is in this function body:
{
    cols <- enquo(cols)
    if (.top_level) {
        mask$set_current_group(1L)
    }
    else {
        cols <- quo_set_env(cols, data_mask_top(quo_get_env(cols), 
            recursive = FALSE, inherit = TRUE))
    }
    vars <- tidyselect::eval_select(cols, data = mask$across_cols())
    vars <- names(vars)
    if (is.null(fns)) {
        if (!is.null(names)) {
            glue_mask <- across_glue_mask(.caller_env, .col = vars, 
                .fn = "1")
            names <- vec_as_names(glue(names, .envir = glue_mask), 
                repair = "check_unique")
        }
        value <- list(vars = vars, fns = fns, names = names)
        return(value)
    }
    if (is.function(fns) || is_formula(fns)) {
        names <- names %||% "{.col}"
        fns <- list(`1` = fns)
    }
    else {
        names <- names %||% "{.col}_{.fn}"
    }
    if (!is.list(fns)) {
        abort(c("Problem with `across()` input `.fns`.", i = "Input `.fns` must be NULL, a function, a formula, or a list of functions/formulas."))
    }
    expr_protect <- function(x) {
        call2(quote, x)
    }
    fns <- map(fns, function(fn) {
        if (is_formula(fn) && .top_level) {
            f_rhs(fn) <- call2(quote(rlang::eval_tidy), expr_protect(f_rhs(fn)), 
                data = mask$get_rlang_mask())
        }
        fn <- as_function(fn)
        fn
    })
    if (is.null(names(fns))) {
        names_fns <- seq_along(fns)
    }
    else {
        names_fns <- names(fns)
        empties <- which(names_fns == "")
        if (length(empties)) {
            names_fns[empties] <- empties
        }
    }
    glue_mask <- glue_mask <- across_glue_mask(.caller_env, .col = rep(vars, 
        each = length(fns)), .fn = rep(names_fns, length(vars)))
    names <- vec_as_names(glue(names, .envir = glue_mask), repair = "check_unique")
    list(vars = vars, fns = fns, names = names)
}
Function across_setup_impl in namespace dplyr has this body.
Fatal error: compiler constants were modified!

