
R Under development (unstable) (2021-09-24 r80958) -- "Unsuffered Consequences"
Copyright (C) 2021 The R Foundation for Statistical Computing
Platform: x86_64-pc-linux-gnu (64-bit)

R is free software and comes with ABSOLUTELY NO WARRANTY.
You are welcome to redistribute it under certain conditions.
Type 'license()' or 'licence()' for distribution details.

  Natural language support but running in an English locale

R is a collaborative project with many contributors.
Type 'contributors()' for more information and
'citation()' on how to cite R or R packages in publications.

Type 'demo()' for some demos, 'help()' for on-line help, or
'help.start()' for an HTML browser interface to help.
Type 'q()' to quit R.

> pkgname <- "TreeSearch"
> source(file.path(R.home("share"), "R", "examples-header.R"))
> options(warn = 1)
> library('TreeSearch')
> 
> base::assign(".oldSearch", base::search(), pos = 'CheckExEnv')
> base::assign(".old_wd", base::getwd(), pos = 'CheckExEnv')
> cleanEx()
> nameEx("AdditionTree")
> ### * AdditionTree
> 
> flush(stderr()); flush(stdout())
> 
> ### Name: AdditionTree
> ### Title: Addition tree
> ### Aliases: AdditionTree
> 
> ### ** Examples
> 
> data('Lobo', package = 'TreeTools')
> AdditionTree(Lobo.phy, concavity = 10)
Addition tree ■■                                 3% | ETA:  1m
Addition tree ■■                                 5% | ETA:  2m
Addition tree ■■■■■■■                           21% | ETA: 35s
Addition tree ■■■■■■■■■■■                       32% | ETA: 26s
Addition tree ■■■■■■■■■■■■■■■                   45% | ETA: 19s
Addition tree ■■■■■■■■■■■■■■■■■                 55% | ETA: 16s
Addition tree ■■■■■■■■■■■■■■■■■■■               61% | ETA: 13s
Addition tree ■■■■■■■■■■■■■■■■■■■■■■■           72% | ETA:  9s
Addition tree ■■■■■■■■■■■■■■■■■■■■■■■■■■        83% | ETA:  6s
Addition tree ■■■■■■■■■■■■■■■■■■■■■■■■■■■■      91% | ETA:  3s
Addition tree ■■■■■■■■■■■■■■■■■■■■■■■■■■■■■■■  100% | ETA:  0s

Phylogenetic tree with 48 tips and 47 internal nodes.

Tip labels:
  Tubiluchus_Priapulida, Onychodictyon_ferox, Aegirocassis_benmoulae, Cricocosmia, Pambdelurion, Helenodora, ...

Rooted; no branch lengths.
> 
> 
> 
> cleanEx()
> nameEx("CharacterLength")
> ### * CharacterLength
> 
> flush(stderr()); flush(stdout())
> 
> ### Name: CharacterLength
> ### Title: Character length
> ### Aliases: CharacterLength FitchSteps FastCharacterLength
> 
> ### ** Examples
> 
> data('inapplicable.datasets')
> dataset <- inapplicable.phyData[[12]]
> tree <- TreeTools::NJTree(dataset)
> CharacterLength(tree, dataset)
  [1]  1  1  3  1  4  5  3  5  1  6  1  2  2  1  2  4  2  5  2  4  1  1  2  2  1
 [26]  1  2  2  4  1  1  1  2  1  4  2  6  7  5  1  2  1  2  1  1  1  1  1  1  1
 [51]  2  1  1  8  3  7  4  3  2  5  2  1  2  2  3 10 12  5  5  2  4  3  6  1  1
 [76]  5  3  3  5  5  2  3  2  8  2  1  8  4  7  6  2  6  1  5  2  3  9  1  2  2
[101]  2  1  3  2  3  4 11  6  7  7  7  8  8  1  1  2  2  1  1  4  6  2  3  6  7
[126]  2  1  1  2  3  2  2  2  3  2  2  7
> CharacterLength(tree, dataset, compress = TRUE)
  [1]  1  1  3  1  4  5  3  5  1  6  1  2  2  1  2  4  2  5  2  4  1  2  2  1  1
 [26]  2  2  4  1  1  1  2  4  2  6  7  5  1  2  2  2  1  8  3  7  4  3  2  5  2
 [51]  1  2  3 10 12  5  5  2  4  3  6  1  1  5  3  3  5  5  2  3  2  8  2  1  8
 [76]  4  7  6  2  6  1  5  2  3  9  1  2  2  2  3  2  3  4 11  6  7  7  7  8  8
[101]  1  2  2  1  4  6  2  3  6  7  2  1  1  2  3  2  3  7
> 
> 
> 
> cleanEx()
> nameEx("ConcordantInformation")
> ### * ConcordantInformation
> 
> flush(stderr()); flush(stdout())
> 
> ### Name: ConcordantInformation
> ### Title: Evaluate the concordance of information between a tree and a
> ###   dataset
> ### Aliases: ConcordantInformation Evaluate ConcordantInfo
> 
> ### ** Examples
> 
> data(congreveLamsdellMatrices)
> myMatrix <- congreveLamsdellMatrices[[10]]
> ConcordantInformation(TreeTools::NJTree(myMatrix), myMatrix)
dataset contains 821.038 bits, of which 280.813 signal, 540.226 noise, 78.0817 needed.  S:N = 0.519806

informationContent             signal              noise      signalToNoise 
       821.0383923        280.8125010        540.2258914          0.5198057 
   treeInformation       matrixToTree            ignored 
        78.0816559         10.5151253          0.0000000 
> 
> 
> 
> cleanEx()
> nameEx("Consistency")
> ### * Consistency
> 
> flush(stderr()); flush(stdout())
> 
> ### Name: Consistency
> ### Title: Consistency / retention 'indices'
> ### Aliases: Consistency
> 
> ### ** Examples
> 
> data(inapplicable.datasets)
> dataset <- inapplicable.phyData[[4]]
> Consistency(dataset, TreeTools::NJTree(dataset))
  [1] 0.2500000 0.3333333 0.3333333 0.2500000 0.3333333 0.2500000 0.5000000
  [8] 0.2500000 0.3333333       NaN 0.2500000 1.0000000 0.3333333 0.3333333
 [15] 1.0000000 0.3333333 0.5000000 0.2000000 1.0000000 1.0000000 0.5000000
 [22] 0.2500000 0.3333333 0.2500000 0.5000000 0.5000000 0.5000000 1.0000000
 [29] 0.5000000 0.6666667 0.2500000 0.2500000 0.5000000 0.3333333 1.0000000
 [36] 0.2500000 1.0000000 0.1666667 0.5000000 0.5000000 0.5000000 1.0000000
 [43] 0.4000000 0.5000000 0.5000000 0.5000000 0.3333333 0.3333333 0.3333333
 [50] 1.0000000 0.3333333 0.6666667 1.0000000 1.0000000 0.3333333 0.5000000
 [57] 1.0000000 0.2857143 0.5000000 0.2000000 0.6666667 0.5000000 0.1428571
 [64] 0.6666667 0.5000000 0.2000000 0.5714286 0.7500000 0.2500000 0.2000000
 [71] 0.5000000 1.0000000 0.6666667 0.2500000 0.3333333 0.2000000 0.1666667
 [78] 0.2500000 1.0000000 0.3333333 0.2500000 0.6666667 0.3333333 0.2500000
 [85] 0.3333333 1.0000000 0.2500000 1.0000000 0.5000000 0.2857143 0.3333333
 [92] 0.2000000 1.0000000 0.3333333 1.0000000 0.2500000 0.5000000 1.0000000
 [99] 0.3333333 0.5000000 1.0000000 0.5000000 0.5000000 0.5000000 0.5000000
[106] 1.0000000 0.2500000 0.5000000 1.0000000 0.3333333 1.0000000 0.2000000
[113] 1.0000000 0.5000000 1.0000000 0.2000000 0.5000000 0.3333333 0.5000000
[120] 0.3333333 0.3333333 0.3333333 0.2500000 1.0000000 1.0000000 0.3333333
> 
> 
> 
> cleanEx()
> nameEx("GapHandler")
> ### * GapHandler
> 
> flush(stderr()); flush(stdout())
> 
> ### Name: GapHandler
> ### Title: Read how a Morphy Object handles the inapplicable token
> ### Aliases: GapHandler
> 
> ### ** Examples
> 
> morphyObj <- SingleCharMorphy('-0-0', 'Extra')
> GapHandler(morphyObj)
[1] "Extra state"
> morphyObj <- UnloadMorphy(morphyObj)
> 
> 
> 
> cleanEx()
> nameEx("JackLabels")
> ### * JackLabels
> 
> flush(stderr()); flush(stdout())
> 
> ### Name: JackLabels
> ### Title: Label nodes with jackknife support values
> ### Aliases: JackLabels
> 
> ### ** Examples
> 
> library('TreeTools', quietly = TRUE) # for as.phylo

Attaching package: ‘TreeTools’

The following objects are masked from ‘package:base’:

    %in%, match

> 
> # jackTrees will usually be generated with Jackknife(), but for simplicity:
> jackTrees <- as.phylo(1:100, 8)
> 
> tree <- as.phylo(0, 8)
> JackLabels(tree, jackTrees)
  11   12   13   14   15 
0.13 0.08 0.14 1.00 1.00 
> 
> tree$node.label <- JackLabels(tree, jackTrees, plot = FALSE)
> 
> 
> 
> cleanEx()

detaching ‘package:TreeTools’, ‘package:ape’

> nameEx("MaximizeParsimony")
> ### * MaximizeParsimony
> 
> flush(stderr()); flush(stdout())
> 
> ### Name: MaximizeParsimony
> ### Title: Find most parsimonious trees
> ### Aliases: MaximizeParsimony Resample EasyTrees EasyTreesy
> 
> ### ** Examples
> 
> ## Only run examples in interactive R sessions
> if (interactive()) {
+   # launch 'shiny' point-and-click interface
+   EasyTrees()
+   
+   # Here too, use the "continue search" function to ensure that tree score
+   # has stabilized and a global optimum has been found
+ }
> 
> 
> # Load data for analysis in R
> library('TreeTools')
Loading required package: ape

Attaching package: ‘TreeTools’

The following objects are masked from ‘package:base’:

    %in%, match

> data('congreveLamsdellMatrices', package = 'TreeSearch')
> dataset <- congreveLamsdellMatrices[[42]]
> 
> # A very quick run for demonstration purposes
> trees <- MaximizeParsimony(dataset, ratchIter = 0, startIter = 0,
+                            tbrIter = 1, maxHits = 4, maxTime = 1/100,
+                            concavity = 10, verbosity = 4)
Addition tree ■■■■■■■■■■■■■■■■■■■■              64% | ETA:  1s
Addition tree ■■■■■■■■■■■■■■■■■■■■■■■■■■■■■■■  100% | ETA:  0s

── Sample local optimum ────────────────────────────────────────────────────────
→ TBR depth 1; keeping 4 trees; k = 10
ℹ 2021-09-25 17:52:35: Score: 12.6988
Final search ■■■■■■■■■                         25% | D0, score 12.066, hit 1. E…
Final search ■■■■■■■■■■■■■■■■■■■■■■■■          78% | D1, score 11.9697, hit 1. …
  - TBR rearrangement at depth 1 found score 11.9697 1 time.

✔ 2021-09-25 17:52:40: Tree search terminated with score 11.9697
> 
> # In actual use, be sure to check that the score has converged on a global
> # optimum, conducting additional iterations and runs as necessary.
>  
> if (interactive()) {
+ # Jackknife resampling
+ nReplicates <- 10
+ jackTrees <- replicate(nReplicates,
+   #c() ensures that each replicate returns a list of trees
+   c(Resample(dataset, trees, ratchIter = 0, tbrIter = 2, startIter = 1,
+              maxHits = 5, maxTime = 1 / 10,
+              concavity = 10, verbosity = 0))
+  )
+ 
+ # In a serious analysis, more replicates would be conducted, and each
+ # search would undergo more iterations.
+ 
+ # Now we must decide what to do with the multiple optimal trees from
+ # each replicate.
+ 
+ # Treat each tree equally
+ JackLabels(ape::consensus(trees), unlist(jackTrees, recursive = FALSE))
+ 
+ # Take the strict consensus of all trees for each replicate
+ JackLabels(ape::consensus(trees), lapply(jackTrees, ape::consensus))
+ 
+ # Take a single tree from each replicate (the first; order's irrelevant)
+ JackLabels(ape::consensus(trees), lapply(jackTrees, `[[`, 1))
+ }
> 
> # Tree search with a constraint
> constraint <- MatrixToPhyDat(c(a = 1, b = 1, c = 0, d = 0, e = 0, f = 0))
> characters <- MatrixToPhyDat(matrix(
+   c(0, 1, 1, 1, 0, 0,
+     1, 1, 1, 0, 0, 0), ncol = 2,
+   dimnames = list(letters[1:6], NULL)))
> MaximizeParsimony(characters, constraint = constraint, verbosity = 0)
✔ Initialized 1 distinct constraints.
→ 2021-09-25 17:52:40: Score to beat: 3
1 phylogenetic tree
> 
> 
> 
> 
> cleanEx()

detaching ‘package:TreeTools’, ‘package:ape’

> nameEx("MinimumLength")
> ### * MinimumLength
> 
> flush(stderr()); flush(stdout())
> 
> ### Name: MinimumLength
> ### Title: Minimum length
> ### Aliases: MinimumLength MinimumLength.phyDat MinimumLength.numeric
> ###   MinimumSteps
> 
> ### ** Examples
> 
> data('inapplicable.datasets')
> myPhyDat <- inapplicable.phyData[[4]] 
> MinimumLength(myPhyDat)
  [1] 1 1 1 1 1 1 1 1 1 0 1 1 1 1 1 1 1 1 1 1 1 1 1 1 2 1 1 1 1 2 1 1 1 1 1 1 1
 [38] 1 1 1 1 1 2 1 1 1 1 1 1 1 1 2 1 1 1 1 1 2 1 1 2 1 1 2 1 1 4 3 1 1 1 1 2 1
 [75] 1 1 1 1 1 1 2 4 1 1 1 1 1 1 1 2 2 1 1 1 1 1 1 2 1 1 1 1 1 1 1 1 1 1 1 1 1
[112] 1 1 1 1 1 1 1 1 1 1 1 1 1 1 1
> MinimumLength(myPhyDat, compress = TRUE)
  [1] 1 1 1 1 1 1 1 1 1 0 1 1 1 1 1 1 1 1 1 1 1 1 1 1 2 1 1 1 1 2 1 1 1 1 1 1 1
 [38] 1 1 1 1 1 2 1 1 1 1 1 1 1 1 2 1 1 1 1 1 2 1 1 2 1 1 2 1 1 4 3 1 1 1 1 2 1
 [75] 1 1 1 1 1 1 2 4 1 1 1 1 1 1 1 2 2 1 1 1 1 1 1 2 1 1 1 1 1 1 1 1 1 1 1 1 1
[112] 1 1 1 1 1 1 1 1 1 1 1 1 1 1
> 
> 
> class(myPhyDat) # phyDat object
[1] "phyDat"
> # load your own data with
> # my.PhyDat <- as.phyDat(read.nexus.data('filepath'))
> # or Windows users can select a file interactively using:
> # my.PhyDat <- as.phyDat(read.nexus.data(choose.files()))
> 
> # Convert list of character codings to an array
> myData <- vapply(myPhyDat, I, myPhyDat[[1]])
> 
> # Convert phyDat's representation of states to binary
> myContrast <- attr(myPhyDat, 'contrast')
> tokens <- colnames(myContrast)
> binaryContrast <- integer(length(tokens))
> tokenApplicable <- tokens != '-'
> binaryContrast[tokenApplicable] <- 2 ^ (seq_len(sum(tokenApplicable)) - 1)
> binaryValues <- apply(myContrast, 1, 
+   function (row) sum(binaryContrast[as.logical(row)]))
> myStates <- matrix(binaryValues[myData], nrow = nrow(myData),
+                    ncol = ncol(myData), dimnames = dimnames(myData))
> 
> # Finally, work out minimum steps 
> apply(myStates, 1, MinimumLength)
  [1] 1 1 1 1 1 1 1 1 1 0 1 1 1 1 1 1 1 1 1 1 1 1 1 1 2 1 1 1 1 2 1 1 1 1 1 1 1
 [38] 1 1 1 1 1 2 1 1 1 1 1 1 1 1 2 1 1 1 1 1 2 1 1 2 1 1 2 1 1 4 3 1 1 1 1 2 1
 [75] 1 1 1 1 1 1 2 4 1 1 1 1 1 1 1 2 2 1 1 1 1 1 1 2 1 1 1 1 1 1 1 1 1 1 1 1 1
[112] 1 1 1 1 1 1 1 1 1 1 1 1 1 1
> 
> 
> 
> cleanEx()
> nameEx("MorphyWeights")
> ### * MorphyWeights
> 
> flush(stderr()); flush(stdout())
> 
> ### Name: MorphyWeights
> ### Title: Set and get the character weightings associated with a Morphy
> ###   object.
> ### Aliases: MorphyWeights SetMorphyWeights
> 
> ### ** Examples
> 
> tokens <- matrix(c(
+   0, 0, 0, 1, 1, 2,
+   0, 0, 0, 0, 0, 0), byrow = TRUE, nrow = 2L,
+   dimnames = list(letters[1:2], NULL))
> pd <- TreeTools::MatrixToPhyDat(tokens)
> morphyObj <- PhyDat2Morphy(pd)
> MorphyWeights(morphyObj)
       [,1] [,2] [,3]
approx 3    2    1   
exact  3    2    1   
> if (SetMorphyWeights(c(1, 1.5, 2/3), morphyObj) != 0L) message("Errored")
> MorphyWeights(morphyObj)
       [,1] [,2] [,3]     
approx 6    9    4        
exact  1    1.5  0.6666667
> morphyObj <- UnloadMorphy(morphyObj)
> 
> 
> 
> cleanEx()
> nameEx("NNI")
> ### * NNI
> 
> flush(stderr()); flush(stdout())
> 
> ### Name: NNI
> ### Title: Nearest neighbour interchange (NNI)
> ### Aliases: NNI cNNI NNISwap RootedNNI RootedNNISwap
> 
> ### ** Examples
> 
> tree <- TreeTools::BalancedTree(8)
> # A random rearrangement
> NNI(tree)

Phylogenetic tree with 8 tips and 7 internal nodes.

Tip labels:
  t1, t2, t3, t4, t5, t6, ...

Rooted; no branch lengths.
> cNNI(tree)

Phylogenetic tree with 8 tips and 7 internal nodes.

Tip labels:
  t1, t2, t3, t4, t5, t6, ...

Rooted; no branch lengths.
> 
> # All trees one NNI rearrangement away
> NNI(tree, edgeToBreak = -1)
12 phylogenetic trees
> 
> # Manual random sampling
> cNNI(tree, sample.int(14 - 8 - 1, 1), sample.int(2, 1))

Phylogenetic tree with 8 tips and 7 internal nodes.

Tip labels:
  t1, t2, t3, t4, t5, t6, ...

Rooted; no branch lengths.
> 
> # A specified rearrangement
> cNNI(tree, 0, 0)

Phylogenetic tree with 8 tips and 7 internal nodes.

Tip labels:
  t1, t2, t3, t4, t5, t6, ...

Rooted; no branch lengths.
> 
> # If a tree may not be binary, collapse nodes with
> tree <- TreeTools::MakeTreeBinary(tree)
> 
> # If a tree may be improperly rooted, use
> tree <- TreeTools::RootTree(tree, 1)
> 
> # If a tree may exhibit unusual node ordering, this can be addressed with
> tree <- TreeTools::Preorder(tree)
> 
> 
> 
> cleanEx()
> nameEx("PhyDat2Morphy")
> ### * PhyDat2Morphy
> 
> flush(stderr()); flush(stdout())
> 
> ### Name: PhyDat2Morphy
> ### Title: Initialize a Morphy object from a 'phyDat' object
> ### Aliases: PhyDat2Morphy
> 
> ### ** Examples
> 
> data('Lobo', package='TreeTools')
> morphyObj <- PhyDat2Morphy(Lobo.phy)
> # Set object to be destroyed at end of session or closure of function
> # on.exit(morphyObj <- UnloadMorphy(morphyObj), add = TRUE)
> 
> # Do something with pointer
> # ....
> 
> # Or, instead of on.exit, manually destroy morphy object and free memory:
> morphyObj <- UnloadMorphy(morphyObj)
> 
> 
> 
> cleanEx()
> nameEx("PlotCharacter")
> ### * PlotCharacter
> 
> flush(stderr()); flush(stdout())
> 
> ### Name: PlotCharacter
> ### Title: Plot the distribution of a character on a tree
> ### Aliases: PlotCharacter
> 
> ### ** Examples
> 
> # Set up plotting area
> oPar <- par(mar = rep(0, 4))
> 
> tree <- ape::read.tree(text = 
+   "((((((a, b), c), d), e), f), (g, (h, (i, (j, (k, l))))));")
> ## A character with inapplicable data
> dataset <- TreeTools::StringToPhyDat("23--1??--032", tips = tree)
> PlotCharacter(tree, dataset)
Warning in plot.window(...) : "node.color" is not a graphical parameter
Warning in plot.window(...) : "node.lty" is not a graphical parameter
Warning in plot.xy(xy, type, ...) :
  "node.color" is not a graphical parameter
Warning in plot.xy(xy, type, ...) :
  "node.lty" is not a graphical parameter
Warning in title(...) : "node.color" is not a graphical parameter
Warning in title(...) : "node.lty" is not a graphical parameter
          -     0     1     2     3
 [1,] FALSE FALSE FALSE  TRUE FALSE
 [2,] FALSE FALSE FALSE FALSE  TRUE
 [3,]  TRUE FALSE FALSE FALSE FALSE
 [4,]  TRUE FALSE FALSE FALSE FALSE
 [5,] FALSE FALSE  TRUE FALSE FALSE
 [6,]  TRUE  TRUE  TRUE  TRUE  TRUE
 [7,]  TRUE  TRUE  TRUE  TRUE  TRUE
 [8,]  TRUE FALSE FALSE FALSE FALSE
 [9,]  TRUE FALSE FALSE FALSE FALSE
[10,] FALSE  TRUE FALSE FALSE FALSE
[11,] FALSE FALSE FALSE FALSE  TRUE
[12,] FALSE FALSE FALSE  TRUE FALSE
[13,]  TRUE FALSE FALSE FALSE FALSE
[14,]  TRUE FALSE FALSE FALSE FALSE
[15,]  TRUE FALSE FALSE FALSE FALSE
[16,]  TRUE FALSE FALSE FALSE FALSE
[17,]  TRUE FALSE FALSE FALSE FALSE
[18,] FALSE FALSE FALSE  TRUE  TRUE
[19,]  TRUE FALSE FALSE FALSE FALSE
[20,]  TRUE FALSE FALSE FALSE FALSE
[21,]  TRUE FALSE FALSE FALSE FALSE
[22,] FALSE  TRUE FALSE  TRUE  TRUE
[23,] FALSE  TRUE FALSE  TRUE  TRUE
> 
> # Character from a real dataset 
> data("Lobo", package = "TreeTools")
> dataset <- Lobo.phy
> tree <- TreeTools::NJTree(dataset)
> PlotCharacter(tree, dataset, 14)
Warning in plot.window(...) : "node.color" is not a graphical parameter
Warning in plot.window(...) : "node.lty" is not a graphical parameter
Warning in plot.xy(xy, type, ...) :
  "node.color" is not a graphical parameter
Warning in plot.xy(xy, type, ...) :
  "node.lty" is not a graphical parameter
Warning in title(...) : "node.color" is not a graphical parameter
Warning in title(...) : "node.lty" is not a graphical parameter
          0     1
 [1,] FALSE  TRUE
 [2,] FALSE  TRUE
 [3,] FALSE  TRUE
 [4,] FALSE  TRUE
 [5,]  TRUE  TRUE
 [6,]  TRUE  TRUE
 [7,]  TRUE  TRUE
 [8,]  TRUE  TRUE
 [9,]  TRUE  TRUE
[10,]  TRUE  TRUE
[11,]  TRUE  TRUE
[12,] FALSE  TRUE
[13,]  TRUE  TRUE
[14,]  TRUE  TRUE
[15,]  TRUE  TRUE
[16,]  TRUE  TRUE
[17,]  TRUE  TRUE
[18,]  TRUE  TRUE
[19,]  TRUE  TRUE
[20,]  TRUE  TRUE
[21,]  TRUE  TRUE
[22,]  TRUE  TRUE
[23,]  TRUE  TRUE
[24,]  TRUE  TRUE
[25,]  TRUE FALSE
[26,]  TRUE FALSE
[27,]  TRUE FALSE
[28,] FALSE  TRUE
[29,] FALSE  TRUE
[30,] FALSE  TRUE
[31,] FALSE  TRUE
[32,] FALSE  TRUE
[33,]  TRUE  TRUE
[34,] FALSE  TRUE
[35,] FALSE  TRUE
[36,]  TRUE  TRUE
[37,] FALSE  TRUE
[38,] FALSE  TRUE
[39,] FALSE  TRUE
[40,]  TRUE  TRUE
[41,] FALSE  TRUE
[42,] FALSE  TRUE
[43,]  TRUE FALSE
[44,]  TRUE FALSE
[45,]  TRUE FALSE
[46,]  TRUE FALSE
[47,]  TRUE FALSE
[48,]  TRUE FALSE
[49,] FALSE  TRUE
[50,] FALSE  TRUE
[51,] FALSE  TRUE
[52,] FALSE  TRUE
[53,] FALSE  TRUE
[54,] FALSE  TRUE
[55,] FALSE  TRUE
[56,] FALSE  TRUE
[57,] FALSE  TRUE
[58,] FALSE  TRUE
[59,] FALSE  TRUE
[60,] FALSE  TRUE
[61,] FALSE  TRUE
[62,] FALSE  TRUE
[63,] FALSE  TRUE
[64,] FALSE  TRUE
[65,] FALSE  TRUE
[66,] FALSE  TRUE
[67,] FALSE  TRUE
[68,] FALSE  TRUE
[69,] FALSE  TRUE
[70,]  TRUE  TRUE
[71,] FALSE  TRUE
[72,] FALSE  TRUE
[73,] FALSE  TRUE
[74,] FALSE  TRUE
[75,] FALSE  TRUE
[76,] FALSE  TRUE
[77,] FALSE  TRUE
[78,] FALSE  TRUE
[79,] FALSE  TRUE
[80,] FALSE  TRUE
[81,]  TRUE  TRUE
[82,] FALSE  TRUE
[83,] FALSE  TRUE
[84,]  TRUE FALSE
[85,]  TRUE FALSE
[86,] FALSE  TRUE
[87,] FALSE  TRUE
[88,] FALSE  TRUE
[89,] FALSE  TRUE
[90,]  TRUE FALSE
[91,]  TRUE FALSE
[92,]  TRUE FALSE
[93,]  TRUE FALSE
[94,]  TRUE FALSE
[95,] FALSE  TRUE
> par(oPar)
> 
> 
> 
> graphics::par(get("par.postscript", pos = 'CheckExEnv'))
> cleanEx()
> nameEx("PrepareDataProfile")
> ### * PrepareDataProfile
> 
> flush(stderr()); flush(stdout())
> 
> ### Name: PrepareDataProfile
> ### Title: Prepare data for Profile Parsimony
> ### Aliases: PrepareDataProfile PrepareDataIW
> 
> ### ** Examples
> 
> data('congreveLamsdellMatrices')
> dataset <- congreveLamsdellMatrices[[42]]
> PrepareDataProfile(dataset)
22 sequences with 55 character and 55 different site patterns.
The states are 0 1 
> 
> 
> 
> cleanEx()
> nameEx("RandomTreeScore")
> ### * RandomTreeScore
> 
> flush(stderr()); flush(stdout())
> 
> ### Name: RandomTreeScore
> ### Title: Parsimony score of random postorder tree
> ### Aliases: RandomTreeScore
> 
> ### ** Examples
> 
> tokens <- matrix(c(
+   0, '-', '-', 1, 1, 2,
+   0, 1, 0, 1, 2, 2,
+   0, '-', '-', 0, 0, 0), byrow = TRUE, nrow = 3L,
+   dimnames = list(letters[1:3], NULL))
> pd <- TreeTools::MatrixToPhyDat(tokens)
> morphyObj <- PhyDat2Morphy(pd)
> 
> RandomTreeScore(morphyObj)
[1] 4
> 
> morphyObj <- UnloadMorphy(morphyObj)
> 
> 
> 
> cleanEx()
> nameEx("Ratchet")
> ### * Ratchet
> 
> flush(stderr()); flush(stdout())
> 
> ### Name: MorphyBootstrap
> ### Title: Parsimony Ratchet
> ### Aliases: MorphyBootstrap Ratchet MultiRatchet RatchetConsensus
> 
> ### ** Examples
> 
> data('Lobo', package = 'TreeTools')
> njtree <- TreeTools::NJTree(Lobo.phy)
> # Increase value of ratchIter and searchHits to do a proper search
> quickResult <- Ratchet(njtree, Lobo.phy, ratchIter = 2, searchHits = 3)
* Beginning Parsimony Ratchet, with initial score 239
Completed parsimony ratchet after 2 iterations with score 229

> 
> # Plot result (legibly)
> oldPar <- par(mar = rep(0, 4), cex = 0.75)
> plot(quickResult)
> par(oldPar)
> 
> 
> 
> graphics::par(get("par.postscript", pos = 'CheckExEnv'))
> cleanEx()
> nameEx("RearrangeEdges")
> ### * RearrangeEdges
> 
> flush(stderr()); flush(stdout())
> 
> ### Name: RearrangeEdges
> ### Title: Rearrange edges of a phylogenetic tree
> ### Aliases: RearrangeEdges
> 
> ### ** Examples
> 
> data('Lobo', package='TreeTools')
> tree <- TreeTools::NJTree(Lobo.phy)
> edge <- tree$edge
> parent <- edge[, 1]
> child <- edge[, 2]
> dataset <- PhyDat2Morphy(Lobo.phy)
> RearrangeEdges(parent, child, dataset, EdgeSwapper = RootedNNISwap)
[[1]]
 [1] 49 49 50 50 51 52 53 54 55 56 56 55 57 57 54 53 58 58 59 59 60 60 61 61 52
[26] 62 63 64 65 66 66 65 67 68 68 67 69 69 64 70 71 72 72 71 70 73 74 75 76 76
[51] 75 74 73 63 77 78 79 79 78 80 80 77 81 81 82 83 83 82 84 85 85 86 87 88 89
[76] 89 88 87 86 84 90 90 91 92 92 91 93 94 94 93 95 95 62 51

[[2]]
 [1]  1 50  2 51 52 53 54 55 56  3  4 57 31 32  9 58 23 59 24 60 25 61 26 27 62
[26] 63 64 65 66  5  6 67 68  7  8 69 10 11 70 71 72 12 13 14 73 74 75 76 15 16
[51] 18 19 17 77 78 79 22 28 80 29 30 81 33 82 83 34 35 84 85 36 86 87 88 89 37
[76] 41 39 38 40 90 42 91 92 43 44 93 94 45 46 95 47 48 20 21

[[3]]
[1] 238

[[4]]
[1] 1

> # Remember to free memory:
> dataset <- UnloadMorphy(dataset)
> 
> 
> 
> cleanEx()
> nameEx("SPR")
> ### * SPR
> 
> flush(stderr()); flush(stdout())
> 
> ### Name: SPR
> ### Title: Subtree pruning and rearrangement (SPR)
> ### Aliases: SPR SPRMoves SPRMoves.phylo SPRMoves.matrix SPRSwap RootedSPR
> ###   RootedSPRSwap
> 
> ### ** Examples
> 
> {
+ tree <- ape::rtree(20, br=FALSE)
+ SPR(tree)
+ }

Phylogenetic tree with 20 tips and 19 internal nodes.

Tip labels:
  t10, t14, t20, t7, t9, t15, ...

Rooted; includes branch lengths.
> 
> 
> 
> cleanEx()
> nameEx("SingleCharMorphy")
> ### * SingleCharMorphy
> 
> flush(stderr()); flush(stdout())
> 
> ### Name: SingleCharMorphy
> ### Title: Morphy object from single character
> ### Aliases: SingleCharMorphy
> 
> ### ** Examples
> 
> morphyObj <- SingleCharMorphy('-0-0', gap = 'Extra')
> RandomTreeScore(morphyObj)
[1] 2
> morphyObj <- UnloadMorphy(morphyObj)
> 
> 
> 
> cleanEx()
> nameEx("SiteConcordance")
> ### * SiteConcordance
> 
> flush(stderr()); flush(stdout())
> 
> ### Name: SiteConcordance
> ### Title: Calculate site concordance factor
> ### Aliases: SiteConcordance QuartetConcordance ClusteringConcordance
> ###   PhylogeneticConcordance MutualClusteringConcordance
> ###   SharedPhylogeneticConcordance
> 
> ### ** Examples
> 
> data('congreveLamsdellMatrices', package = 'TreeSearch')
> dataset <- congreveLamsdellMatrices[[1]][, 1:20]
> tree <- referenceTree
> qc <- QuartetConcordance(tree, dataset)
> cc <- ClusteringConcordance(tree, dataset)
> pc <- PhylogeneticConcordance(tree, dataset)
> spc <- SharedPhylogeneticConcordance(tree, dataset)
> mcc <- MutualClusteringConcordance(tree, dataset)
> 
> oPar <- par(mar = rep(0, 4), cex = 0.8)
> plot(tree)
> TreeTools::LabelSplits(tree, signif(qc, 3))
> TreeTools::LabelSplits(tree, signif(cc, 3))
> TreeTools::LabelSplits(tree, signif(pc, 3))
> par(oPar)
> 
> pairs(cbind(qc, cc, pc, spc, mcc))
> 
> 
> 
> graphics::par(get("par.postscript", pos = 'CheckExEnv'))
> cleanEx()
> nameEx("StepInformation")
> ### * StepInformation
> 
> flush(stderr()); flush(stdout())
> 
> ### Name: StepInformation
> ### Title: Information content of a character known to contain _e_ steps
> ### Aliases: StepInformation
> 
> ### ** Examples
> 
> character <- rep(c(0:3, '?', '-'), c(8, 5, 1, 1, 2, 2))
> StepInformation(character)
        3         4         5         6         7 
9.9203529 5.5280354 2.5784492 0.7618403 0.0000000 
> 
> 
> 
> cleanEx()
> nameEx("TBR")
> ### * TBR
> 
> flush(stderr()); flush(stdout())
> 
> ### Name: TBR
> ### Title: Tree bisection and reconnection (TBR)
> ### Aliases: TBR TBRMoves TBRMoves.phylo TBRMoves.matrix TBRSwap RootedTBR
> ###   RootedTBRSwap
> 
> ### ** Examples
> 
> {
+ library('ape')
+ tree <- rtree(20, br=NULL)
+ TBR(tree)
+ }

Phylogenetic tree with 20 tips and 19 internal nodes.

Tip labels:
  t10, t14, t20, t7, t9, t15, ...

Rooted; no branch lengths.
> 
> 
> 
> cleanEx()

detaching ‘package:ape’

> nameEx("TBRWarning")
> ### * TBRWarning
> 
> flush(stderr()); flush(stdout())
> 
> ### Name: SPRWarning
> ### Title: TBR Warning Print a warning and return given tree
> ### Aliases: SPRWarning TBRWarning
> ### Keywords: internal
> 
> ### ** Examples
> 
> suppressWarnings(TBRWarning(0, 0, 'Message text')) # will trigger warning
[[1]]
[1] 0

[[2]]
[1] 0

> 
> 
> 
> 
> 
> cleanEx()
> nameEx("TreeLength")
> ### * TreeLength
> 
> flush(stderr()); flush(stdout())
> 
> ### Name: IWScore
> ### Title: Calculate the parsimony score of a tree given a dataset
> ### Aliases: IWScore TreeLength TreeLength.phylo TreeLength.numeric
> ###   TreeLength.list TreeLength.multiPhylo Fitch
> 
> ### ** Examples
> 
> data("inapplicable.datasets")
> tree <- TreeTools::BalancedTree(inapplicable.phyData[[1]])
> TreeLength(tree, inapplicable.phyData[[1]])
[1] 1117
> TreeLength(tree, inapplicable.phyData[[1]], concavity = 10)
[1] 52.75785
> TreeLength(tree, inapplicable.phyData[[1]], concavity = 'profile')
→ Inapplicable tokens treated as ambiguous for profile parsimony
Warning in .RemoveExtraTokens(mataset[i, ], ambiguousTokens = qmLevel) :
  Can handle max. 2 informative tokens. Dropping others.
Warning in .RemoveExtraTokens(mataset[i, ], ambiguousTokens = qmLevel) :
  Can handle max. 2 informative tokens. Dropping others.
Warning in .RemoveExtraTokens(mataset[i, ], ambiguousTokens = qmLevel) :
  Can handle max. 2 informative tokens. Dropping others.
Warning in .RemoveExtraTokens(mataset[i, ], ambiguousTokens = qmLevel) :
  Can handle max. 2 informative tokens. Dropping others.
Warning in .RemoveExtraTokens(mataset[i, ], ambiguousTokens = qmLevel) :
  Can handle max. 2 informative tokens. Dropping others.
Warning in .RemoveExtraTokens(mataset[i, ], ambiguousTokens = qmLevel) :
  Can handle max. 2 informative tokens. Dropping others.
Warning in .RemoveExtraTokens(mataset[i, ], ambiguousTokens = qmLevel) :
  Can handle max. 2 informative tokens. Dropping others.
Warning in .RemoveExtraTokens(mataset[i, ], ambiguousTokens = qmLevel) :
  Can handle max. 2 informative tokens. Dropping others.
Warning in .RemoveExtraTokens(mataset[i, ], ambiguousTokens = qmLevel) :
  Can handle max. 2 informative tokens. Dropping others.
Warning in .RemoveExtraTokens(mataset[i, ], ambiguousTokens = qmLevel) :
  Can handle max. 2 informative tokens. Dropping others.
Warning in .RemoveExtraTokens(mataset[i, ], ambiguousTokens = qmLevel) :
  Can handle max. 2 informative tokens. Dropping others.
Warning in .RemoveExtraTokens(mataset[i, ], ambiguousTokens = qmLevel) :
  Can handle max. 2 informative tokens. Dropping others.
Warning in .RemoveExtraTokens(mataset[i, ], ambiguousTokens = qmLevel) :
  Can handle max. 2 informative tokens. Dropping others.
Warning in .RemoveExtraTokens(mataset[i, ], ambiguousTokens = qmLevel) :
  Can handle max. 2 informative tokens. Dropping others.
Warning in .RemoveExtraTokens(mataset[i, ], ambiguousTokens = qmLevel) :
  Can handle max. 2 informative tokens. Dropping others.
Warning in .RemoveExtraTokens(mataset[i, ], ambiguousTokens = qmLevel) :
  Can handle max. 2 informative tokens. Dropping others.
Warning in .RemoveExtraTokens(mataset[i, ], ambiguousTokens = qmLevel) :
  Can handle max. 2 informative tokens. Dropping others.
Warning in .RemoveExtraTokens(mataset[i, ], ambiguousTokens = qmLevel) :
  Can handle max. 2 informative tokens. Dropping others.
Warning in .RemoveExtraTokens(mataset[i, ], ambiguousTokens = qmLevel) :
  Can handle max. 2 informative tokens. Dropping others.
Warning in .RemoveExtraTokens(mataset[i, ], ambiguousTokens = qmLevel) :
  Can handle max. 2 informative tokens. Dropping others.
[1] 3941.387
> TreeLength(5, inapplicable.phyData[[1]])
[1] 1932 1919 2000 1948 2022
> 
> 
> 
> cleanEx()
> nameEx("TreeSearch")
> ### * TreeSearch
> 
> flush(stderr()); flush(stdout())
> 
> ### Name: EdgeListSearch
> ### Title: Search for most parsimonious trees
> ### Aliases: EdgeListSearch TreeSearch IWTreeSearch EmptyPhyDat DoNothing
> ### Keywords: internal
> 
> ### ** Examples
> 
> data('Lobo', package='TreeTools')
> njtree <- TreeTools::NJTree(Lobo.phy)
> 
> ## Only run examples in interactive R sessions
> if (interactive()) {
+   TreeSearch(njtree, Lobo.phy, maxIter = 20, EdgeSwapper = NNISwap)
+   TreeSearch(njtree, Lobo.phy, maxIter = 20, EdgeSwapper = RootedSPRSwap)
+   TreeSearch(njtree, Lobo.phy, maxIter = 20, EdgeSwapper = TBRSwap)
+ }
> 
> 
> 
> cleanEx()
> nameEx("WithOneExtraStep")
> ### * WithOneExtraStep
> 
> flush(stderr()); flush(stdout())
> 
> ### Name: WithOneExtraStep
> ### Title: Number of trees with one extra step
> ### Aliases: WithOneExtraStep
> 
> ### ** Examples
> 
> WithOneExtraStep(1, 2, 3)
[1] 84
> 
> 
> 
> cleanEx()
> nameEx("cSPR")
> ### * cSPR
> 
> flush(stderr()); flush(stdout())
> 
> ### Name: cSPR
> ### Title: 'cSPR()' expects a tree rooted on a single tip.
> ### Aliases: cSPR
> 
> ### ** Examples
> 
> tree <- TreeTools::BalancedTree(8)
> 
> # Tree must be rooted on leaf
> tree <- TreeTools::RootTree(tree, 1)
> 
> # Random rearrangement
> cSPR(tree)

Phylogenetic tree with 8 tips and 7 internal nodes.

Tip labels:
  t1, t2, t3, t4, t5, t6, ...

Rooted; no branch lengths.
> 
> # Specific rearrangement
> cSPR(tree, 9)

Phylogenetic tree with 8 tips and 7 internal nodes.

Tip labels:
  t1, t2, t3, t4, t5, t6, ...

Rooted; no branch lengths.
> 
> 
> 
> cleanEx()
> nameEx("congreveLamsdellMatrices")
> ### * congreveLamsdellMatrices
> 
> flush(stderr()); flush(stdout())
> 
> ### Name: congreveLamsdellMatrices
> ### Title: 100 simulated data matrices
> ### Aliases: congreveLamsdellMatrices
> ### Keywords: datasets
> 
> ### ** Examples
> 
> data('referenceTree')
> data('congreveLamsdellMatrices')
> TreeLength(referenceTree, congreveLamsdellMatrices[[17]], 'profile')
[1] 549.6488
> 
> 
> 
> 
> cleanEx()
> nameEx("mpl_new_Morphy")
> ### * mpl_new_Morphy
> 
> flush(stderr()); flush(stdout())
> 
> ### Name: mpl_new_Morphy
> ### Title: Creates a new instance of a Morphy object
> ### Aliases: mpl_new_Morphy
> ### Keywords: internal
> 
> ### ** Examples
> 
> morphyObj <- mpl_new_Morphy() # Create new object
> ## Do some stuff ... ##
> mpl_delete_Morphy(morphyObj) # Delete when done
[1] 0
> 
> 
> 
> 
> cleanEx()
> nameEx("mpl_translate_error")
> ### * mpl_translate_error
> 
> flush(stderr()); flush(stdout())
> 
> ### Name: mpl_translate_error
> ### Title: Converts a numeric error code to human-readable format
> ### Aliases: mpl_translate_error
> ### Keywords: internal
> 
> ### ** Examples
> 
> mpl_translate_error(-1) # "ERR_INVALID_SYMBOL"
[1] "ERR_INVALID_SYMBOL"
> 
> 
> 
> 
> cleanEx()
> nameEx("profiles")
> ### * profiles
> 
> flush(stderr()); flush(stdout())
> 
> ### Name: profiles
> ### Title: Empirically counted profiles for small trees
> ### Aliases: profiles
> ### Keywords: datasets
> 
> ### ** Examples
> 
> data(profiles)
> 
> # Load profile for a character of the structure 0 0 0 1 1 1 1 1
> profile3.5 <- profiles[[8]][[2]][[3]]
> 
> # Number of trees with _s_ or fewer steps on that character
> TreeTools::NUnrooted(8) * 2 ^ profile3.5
    1     2     3     4 
  225  2475  8019 10395 
> 
> 
> 
> cleanEx()
> nameEx("referenceTree")
> ### * referenceTree
> 
> flush(stderr()); flush(stdout())
> 
> ### Name: referenceTree
> ### Title: Tree topology for matrix simulation
> ### Aliases: referenceTree
> ### Keywords: datasets
> 
> ### ** Examples
> 
> data(referenceTree)
> plot(referenceTree)
> 
> 
> 
> 
> ### * <FOOTER>
> ###
> cleanEx()
> options(digits = 7L)
> base::cat("Time elapsed: ", proc.time() - base::get("ptime", pos = 'CheckExEnv'),"\n")
Time elapsed:  81.961 5.365 91.284 0 0 
> grDevices::dev.off()
null device 
          1 
> ###
> ### Local variables: ***
> ### mode: outline-minor ***
> ### outline-regexp: "\\(> \\)?### [*]+" ***
> ### End: ***
> quit('no')
